// Jest Snapshot v1, https://goo.gl/fbAQLP

exports[`App should render App properly 1`] = `
<BrowserRouter>
  <div
    className="wrapper"
  >
    <SearchBox
      fullScreen={true}
      isLoading={false}
      onSubmit={[Function]}
    />
    <Routes>
      <Route
        element={
          <ImagesGrid
            deleteFromFavorites={[Function]}
            error={false}
            favorites={Array []}
            favoritesView={false}
            images={null}
            isLoading={false}
            saveToFavorites={[Function]}
          />
        }
        path="/"
      />
      <Route
        element={
          <ImagesGrid
            deleteFromFavorites={[Function]}
            error={false}
            favorites={Array []}
            favoritesView={true}
            images={Array []}
            isLoading={false}
            saveToFavorites={[Function]}
          />
        }
        path="/favorites"
      />
    </Routes>
  </div>
</BrowserRouter>
`;
